[p.assertion.1] line 5 Ada Check assertion: SUCCESS
VERIFICATION SUCCESSFUL
