[1] file ifthenelse.adb line 11 assertion: SUCCESS
VERIFICATION SUCCESSFUL
