[arrays_attributes_static.assertion.1] line 12 Ada Check assertion: SUCCESS
[arrays_attributes_static.assertion.2] line 16 assertion Array_Attribs = 41: SUCCESS
[arrays_attributes_static.assertion.3] line 17 assertion An_Index = 12: SUCCESS
VERIFICATION SUCCESSFUL
