[overflow.1] arithmetic overflow on signed + in *func_args__assign2__d$$func_args__assign2__d + 1: SUCCESS
VERIFICATION SUCCESSFUL
