[check_size_mod.assertion.1] line 17 assertion V1 + 1 = 0: SUCCESS
[check_size_mod.assertion.2] line 18 assertion V2 + 2 = 1: SUCCESS
VERIFICATION SUCCESSFUL
