[1] file private_type_decl.adb line 8 assertion: SUCCESS
VERIFICATION SUCCESSFUL
