[1] file volatile_type.adb line 14 assertion: SUCCESS
VERIFICATION SUCCESSFUL
