[access_parameter.assertion.1] line 11 assertion I = 2: SUCCESS
[p.assertion.1] line 5 Ada Check assertion: SUCCESS
VERIFICATION SUCCESSFUL
