[arrays_access.assertion.1] line 5 Ada Check assertion: SUCCESS
[arrays_access.assertion.2] line 6 assertion Actual7(1) = 2: SUCCESS
VERIFICATION SUCCESSFUL
