[assertion.1] Range Check: SUCCESS
VERIFICATION SUCCESSFUL
