[cfg_test_04.assertion.1] line 17 assertion I /= 0: FAILURE
VERIFICATION FAILED
