[main.assertion.1] line 5 assertion My_Pack.G (I) = 3: SUCCESS
VERIFICATION SUCCESSFUL
