[use_package.assertion.1] line 8 Ada Check assertion: SUCCESS
[use_package.assertion.2] line 8 assertion Small_Number * 2 = 8: SUCCESS
VERIFICATION SUCCESSFUL
