[assertion.1] file modular_type.adb line 28 Ada Check assertion: SUCCESS
[assert_val.assertion.1] line 6 assertion X = 5: SUCCESS
[assert_val.assertion.2] line 8 assertion X + 3 = 8: SUCCESS
[assert_val.assertion.3] line 9 assertion X + 6 = 1: SUCCESS
[assert_val.assertion.4] line 11 assertion (X + 7) * X = 0: SUCCESS
[assert_val.assertion.5] line 12 assertion X * 2 = 0: SUCCESS
[assert_val.assertion.6] line 13 assertion X * 3 = 5: SUCCESS
[assert_val.assertion.7] line 14 assertion X * X = 5: SUCCESS
[assert_val.assertion.8] line 15 assertion X * 4 = 0: SUCCESS
[assert_val.assertion.9] line 16 assertion Y * 1 = 4: SUCCESS
[assert_val.assertion.10] line 17 assertion Y * 2 = 8: SUCCESS
[assert_val.assertion.11] line 18 assertion Y * 3 = 2: SUCCESS
[assert_val.assertion.12] line 19 assertion Y * 4 = 6: SUCCESS
[assert_val.assertion.13] line 20 assertion Y * 5 = 0: SUCCESS
[assert_val.assertion.14] line 21 assertion Y * 6 = 4: SUCCESS
[assert_val.assertion.15] line 22 assertion Y * 7 = 8: SUCCESS
[assert_val.assertion.16] line 23 assertion Y * 8 = 2: SUCCESS
[assert_val.assertion.17] line 24 assertion Y * 9 = 6: SUCCESS
[assert_val.assertion.18] line 26 assertion X - 6 = 9: SUCCESS
[assert_val.assertion.19] line 28 assertion X / 2 = 2: SUCCESS
VERIFICATION SUCCESSFUL
