[1] file declaration_rename.adb line 28 assertion: SUCCESS
[2] file declaration_rename.adb line 29 assertion: SUCCESS
[3] file declaration_rename.adb line 30 assertion: SUCCESS
[4] file declaration_rename.adb line 31 assertion: SUCCESS
VERIFICATION SUCCESSFUL
