[test.assertion.1] line 9 Ada Check assertion: SUCCESS
[test.assertion.2] line 11 assertion j < 4: FAILURE
VERIFICATION FAILED
