Standard_Output from gnat2goto forward_dec:
----------At: Do_Aggregate_Literal_Array----------
----------Array aggregates of type string are unsupported----------
N_Aggregate (Node_Id=2531) (source,analyzed)
 Parent = N_Qualified_Expression (Node_Id=2714)
 Sloc = 9635  forward_dec.adb:51:38
 Etype = N_Defining_Identifier "T5b" (Entity_Id=2707)
 Component_Associations = List (List_Id=-99999949)
 Aggregate_Bounds = N_Range (Node_Id=2699)

[forward_dec.assertion.1] line 67 assertion Val_T (V) = 0: SUCCESS
[forward_dec.assertion.2] line 69 assertion Val_T (V) = 1: SUCCESS
[forward_dec.assertion.3] line 72 assertion Val_T (V) = 3: SUCCESS
[set_t.assertion.1] line 58 Ada Check assertion: SUCCESS
VERIFICATION SUCCESSFUL
