[callit.assertion.1] line 10 assertion I < 70: SUCCESS
[callit.assertion.2] line 13 assertion A < -5: FAILURE
VERIFICATION FAILED
