[assertion.1] file test.adb line 6 Ada Exception: FAILURE
[test.assertion.1] line 16 Ada Check assertion: SUCCESS
[test.assertion.2] line 25 assertion Error_Count = 1: SUCCESS
VERIFICATION FAILED
