[precondition_instance.1] memcpy src/dst overlap: SUCCESS
[precondition_instance.2] memcpy source region readable: SUCCESS
[precondition_instance.3] memcpy destination region writeable: SUCCESS
VERIFICATION SUCCESSFUL
