[types_2.assertion.1] line 19 assertion id_nums'size = 32: SUCCESS
VERIFICATION SUCCESSFUL
