[cfg_test_05.assertion.1] line 16 assertion I /= 0: FAILURE
VERIFICATION FAILED
