[1] file test.adb line 8 assertion: FAILURE
[2] file test.adb line 11 assertion: SUCCESS
VERIFICATION FAILED
