[null_pointer.assertion.1] line 5 assertion X = null: SUCCESS
VERIFICATION SUCCESSFUL
