[1] file modular_type_support.adb line 5 assertion: SUCCESS
[2] file modular_type_support.adb line 6 assertion: SUCCESS
VERIFICATION SUCCESSFUL
