[1] file floating_point_constant.adb line 11 assertion: SUCCESS
[2] file floating_point_constant.adb line 15 assertion: SUCCESS
VERIFICATION SUCCESSFUL
