[1] file func_args.adb line 10 assertion: SUCCESS
[2] file func_args.adb line 11 assertion: FAILURE
VERIFICATION FAILED
