[for_loop_sub_int.assertion.1] line 17 Ada Check assertion: SUCCESS
[for_loop_sub_int.assertion.2] line 23 assertion Arr (E) = I: SUCCESS
[inc.assertion.1] line 9 Ada Check assertion: SUCCESS
VERIFICATION SUCCESSFUL
