[overflow.1] arithmetic overflow on signed + in subtyp__inc__x$$subtyp__inc__x + 1: SUCCESS
VERIFICATION SUCCESSFUL
